// Jest Snapshot v1, https://goo.gl/fbAQLP

exports[`renders correctly 1`] = `
<RNCSafeAreaProvider
  onInsetsChange={[Function]}
  style={
    Array [
      Object {
        "flex": 1,
      },
      undefined,
    ]
  }
>
  <RNSScreenStack
    style={
      Object {
        "flex": 1,
      }
    }
  >
    <RNSScreen
      collapsable={false}
      forwardedRef={[Function]}
      onAppear={[Function]}
      onDisappear={[Function]}
      onDismissed={[Function]}
      onTransitionProgress={[Function]}
      onWillDisappear={[Function]}
      replaceAnimation="push"
      stackPresentation="push"
      style={
        Object {
          "bottom": 0,
          "left": 0,
          "position": "absolute",
          "right": 0,
          "top": 0,
        }
      }
    >
      <RNSScreenStackHeaderConfig
        backButtonInCustomView={false}
        backgroundColor="rgb(255, 255, 255)"
        color="rgb(0, 122, 255)"
        direction="ltr"
        disableBackButtonMenu={false}
        hidden={true}
        hideBackButton={false}
        largeTitleHideShadow={false}
        title="DAFORST"
        titleColor="rgb(28, 28, 30)"
        topInsetEnabled={false}
        translucent={false}
      />
      <View
        style={
          Array [
            Object {
              "flex": 1,
            },
            Object {
              "backgroundColor": "rgb(242, 242, 242)",
            },
            undefined,
          ]
        }
      >
        <RCTSafeAreaView
          emulateUnlessSupported={true}
          style={
            Object {
              "flex": 1,
              "justifyContent": "space-between",
            }
          }
        >
          <View
            style={
              Object {
                "alignItems": "center",
                "flex": 1,
                "justifyContent": "space-evenly",
              }
            }
          >
            <Image
              source={
                Object {
                  "testUri": "../../../assets/daforst_tree.png",
                }
              }
              style={
                Object {
                  "height": 667,
                  "resizeMode": "center",
                }
              }
            />
            <Text
              style={
                Object {
                  "color": "#000",
                  "fontSize": 28,
                  "fontWeight": "bold",
                }
              }
            >
              Hey! Welcome
            </Text>
            <Text
              style={
                Object {
                  "color": "#000",
                  "marginHorizontal": 32,
                  "textAlign": "center",
                }
              }
            >
              DAFORST is a decentralised platform which helps provide data sovereignty to communities.
            </Text>
          </View>
          <View
            style={
              Object {
                "alignItems": "center",
                "justifyContent": "space-evenly",
                "paddingBottom": 10,
              }
            }
          >
            <View
              accessible={true}
              collapsable={false}
              focusable={true}
              onBlur={[Function]}
              onClick={[Function]}
              onFocus={[Function]}
              onResponderGrant={[Function]}
              onResponderMove={[Function]}
              onResponderRelease={[Function]}
              onResponderTerminate={[Function]}
              onResponderTerminationRequest={[Function]}
              onStartShouldSetResponder={[Function]}
              style={
                Array [
                  Object {
                    "alignItems": "center",
                    "borderColor": "#55897B",
                    "borderRadius": 96,
                    "borderWidth": 3,
                    "height": 50,
                    "justifyContent": "center",
                    "margin": 10,
                  },
                  Object {
                    "backgroundColor": "#55897B",
                    "width": 718,
                  },
                ]
              }
            >
              <Text
                style={
                  Array [
                    Object {
                      "fontSize": 18,
                      "textAlign": "center",
                    },
                    Object {
                      "color": "#fff",
                    },
                  ]
                }
              >
                Upload
              </Text>
            </View>
            <View
              accessible={true}
              collapsable={false}
              focusable={true}
              onBlur={[Function]}
              onClick={[Function]}
              onFocus={[Function]}
              onResponderGrant={[Function]}
              onResponderMove={[Function]}
              onResponderRelease={[Function]}
              onResponderTerminate={[Function]}
              onResponderTerminationRequest={[Function]}
              onStartShouldSetResponder={[Function]}
              style={
                Array [
                  Object {
                    "alignItems": "center",
                    "borderColor": "#55897B",
                    "borderRadius": 96,
                    "borderWidth": 3,
                    "height": 50,
                    "justifyContent": "center",
                    "margin": 10,
                  },
                  Object {
                    "backgroundColor": "#fff",
                    "width": 718,
                  },
                ]
              }
            >
              <Text
                style={
                  Array [
                    Object {
                      "fontSize": 18,
                      "textAlign": "center",
                    },
                    Object {
                      "color": "#000",
                    },
                  ]
                }
              >
                Assets
              </Text>
            </View>
          </View>
        </RCTSafeAreaView>
      </View>
    </RNSScreen>
  </RNSScreenStack>
</RNCSafeAreaProvider>
`;
