// Jest Snapshot v1, https://goo.gl/fbAQLP

exports[`AssetPreview renders correctly 1`] = `
<View
  accessible={true}
  collapsable={false}
  focusable={true}
  onBlur={[Function]}
  onClick={[Function]}
  onFocus={[Function]}
  onResponderGrant={[Function]}
  onResponderMove={[Function]}
  onResponderRelease={[Function]}
  onResponderTerminate={[Function]}
  onResponderTerminationRequest={[Function]}
  onStartShouldSetResponder={[Function]}
  style={
    Object {
      "flexDirection": "row",
    }
  }
>
  <Image
    source={
      Object {
        "uri": "data:image/png;base64,function () {
        return fn.apply(this, arguments);
      }",
      }
    }
    style={
      Object {
        "height": 100,
        "width": 100,
      }
    }
  />
  <View
    style={
      Object {
        "color": "#000",
        "flex": 1,
        "justifyContent": "center",
        "paddingLeft": 20,
      }
    }
  >
    <Text>
      <Text
        style={
          Object {
            "fontWeight": "bold",
          }
        }
      >
        Name: 
      </Text>
    </Text>
    <Text>
      <Text
        style={
          Object {
            "fontWeight": "bold",
          }
        }
      >
        Owner: 
      </Text>
    </Text>
    <Text>
      <Text
        style={
          Object {
            "fontWeight": "bold",
          }
        }
      >
        Description: 
      </Text>
    </Text>
  </View>
</View>
`;
